---
title: into dmesg
date: "2023-07-01"
description: hardware ready to boost
image: /images/blog/arima.jpg
authors:
  - KUD
---

```text
[    0.000000] microcode: microcode updated early to revision 0x113, 
               date = 2023-02-06
```
系统的微码（microcode）在启动早期就已更新到了修订版本 0x113，更新日期是 2023/2/6。微码是嵌入到 CPU 中的固件，可以修正硬件错误或增强安全性。

```text
[    0.000000] Linux version 6.1.35 (nixbld@localhost) 
              (gcc (GCC) 12.3.0, GNU ld (GNU Binutils) 2.40) 
              #1-NixOS SMP PREEMPT_DYNAMIC Wed Jun 21 14:01:03 UTC 2023
```

```text
[    0.000000] Command line: initrd=\efi\nixos\gp0yimmqv6r4cx1v76mznvr2xifgdnsd-initrd-linux-6.1.35-initrd.efi
               init=/nix/store/z95pb228s4cpbh07v03gshs6gza6nq9y-nixos-system-Lain-23.11.20230628.60a783e/init 
               radeon.cik_support=0 
               amdgpu.cik_support=1 
               loglevel=4
```
内核启动时的命令行参数。initrd 是指定初始 RAM 磁盘的位置，init 是指定初始程序的位置，`radeon.cik_support=0` 和 `amdgpu.cik_support=1` 是 AMD 显卡驱动设置，loglevel=4 是设置系统日志级别。

```text
[    0.000000] x86/split lock detection: 
               #AC: crashing the kernel on kernel split_locks and warning on user-space split_locks
```
当内核发生分裂锁定（split lock）时，系统将会崩溃，而在用户空间发生分裂锁定时会发出警告

```text
[    0.000000] x86/fpu: Supporting XSAVE feature 0x001: 
                        'x87 floating point registers'
[    0.000000] x86/fpu: Supporting XSAVE feature 0x002: 
                        'SSE registers'
[    0.000000] x86/fpu: Supporting XSAVE feature 0x004: 
                        'AVX registers'
[    0.000000] x86/fpu: Supporting XSAVE feature 0x200: 
                        'Protection Keys User registers'
[    0.000000] x86/fpu: xstate_offset[2]:  576, xstate_sizes[2]:  256
[    0.000000] x86/fpu: xstate_offset[9]:  832, xstate_sizes[9]:    8
[    0.000000] x86/fpu: Enabled xstate features 0x207, context size is 840 bytes, 
                        using 'compacted' format.
```
关于 x86 架构的浮点单元（FPU）配置信息。表明支持的 XSAVE 特性，以及这些特性对应的状态偏移和大小。最后一行表明启用了 xstate features 0x207，其上下文大小为 840 字节，并使用了'compacted'格式。这些都是和处理器的浮点计算有关的硬件特性。

```text
[    0.000000] signal: max sigframe size: 3632
```
信号栈帧（sigframe）的最大尺寸是 3632 字节。信号栈帧是操作系统用于处理进程接收信号时保存和恢复上下文的数据结构。

```text
[    0.000000] BIOS-provided physical RAM map:
```
内存映射信息是由 BIOS 提供的。

```text
[    0.000000] BIOS-e820: [mem 0x0000000000000000-0x000000000009dfff] usable
[    0.000000] BIOS-e820: [mem 0x000000000009e000-0x000000000009efff] reserved
[    0.000000] BIOS-e820: [mem 0x000000000009f000-0x000000000009ffff] usable
[    0.000000] BIOS-e820: [mem 0x00000000000a0000-0x00000000000fffff] reserved
[    0.000000] BIOS-e820: [mem 0x0000000000100000-0x0000000064840fff] usable
[    0.000000] BIOS-e820: [mem 0x0000000064841000-0x0000000064841fff] reserved
[    0.000000] BIOS-e820: [mem 0x0000000064842000-0x000000006589bfff] usable
[    0.000000] BIOS-e820: [mem 0x000000006589c000-0x000000006589cfff] reserved
[    0.000000] BIOS-e820: [mem 0x000000006589d000-0x00000000705aafff] usable
[    0.000000] BIOS-e820: [mem 0x00000000705ab000-0x00000000742aafff] reserved
[    0.000000] BIOS-e820: [mem 0x00000000742ab000-0x000000007451efff] ACPI data
[    0.000000] BIOS-e820: [mem 0x000000007451f000-0x000000007471efff] ACPI NVS
[    0.000000] BIOS-e820: [mem 0x000000007471f000-0x0000000075ffefff] reserved
[    0.000000] BIOS-e820: [mem 0x0000000075fff000-0x0000000075ffffff] usable
[    0.000000] BIOS-e820: [mem 0x0000000076000000-0x0000000079ffffff] reserved
[    0.000000] BIOS-e820: [mem 0x000000007a400000-0x000000007a7fffff] reserved
[    0.000000] BIOS-e820: [mem 0x000000007b000000-0x00000000807fffff] reserved
[    0.000000] BIOS-e820: [mem 0x00000000c0000000-0x00000000cfffffff] reserved
[    0.000000] BIOS-e820: [mem 0x00000000fe000000-0x00000000fe010fff] reserved
[    0.000000] BIOS-e820: [mem 0x00000000fec00000-0x00000000fec00fff] reserved
[    0.000000] BIOS-e820: [mem 0x00000000fed00000-0x00000000fed00fff] reserved
[    0.000000] BIOS-e820: [mem 0x00000000fed20000-0x00000000fed7ffff] reserved
[    0.000000] BIOS-e820: [mem 0x00000000fee00000-0x00000000fee00fff] reserved
[    0.000000] BIOS-e820: [mem 0x00000000ff000000-0x00000000ffffffff] reserved
[    0.000000] BIOS-e820: [mem 0x0000000100000000-0x000000087f7fffff] usable
```
BIOS 提供的物理 RAM 内存映射，表明内存地址的范围和用途。其中 usable 表示该地址范围的内存可以被操作系统使用，reserved 表示这部分内存被保留，不能被操作系统使用，ACPI data 表示这部分内存被 ACPI 系统使用，ACPI NVS 表示这部分内存被 ACPI 系统用作非易失性存储。

```text
[    0.000000] NX (Execute Disable) protection: active
```
系统启用了无执行（NX）保护，这是一种硬件技术，可以防止恶意软件通过数据区域执行代码。

```text
[    0.000000] e820: update [mem 0x5e181018-0x5e19ee57] usable ==> usable
[    0.000000] e820: update [mem 0x5e181018-0x5e19ee57] usable ==> usable
[    0.000000] e820: update [mem 0x5e171018-0x5e180057] usable ==> usable
[    0.000000] e820: update [mem 0x5e171018-0x5e180057] usable ==> usable
```
在系统启动过程中，内存的状态被重新确认或更新

```text
[    0.000000] extended physical RAM map:
```
内存映射信息是扩展的物理 RAM 映射。

```text
[0.000000] reserve setup_data: [mem 0x0000000000000000-0x000000000009dfff] usable
[0.000000] reserve setup_data: [mem 0x000000000009e000-0x000000000009efff] reserved
[0.000000] reserve setup_data: [mem 0x000000000009f000-0x000000000009ffff] usable
[0.000000] reserve setup_data: [mem 0x00000000000a0000-0x00000000000fffff] reserved
[0.000000] reserve setup_data: [mem 0x0000000000100000-0x000000005e171017] usable
[0.000000] reserve setup_data: [mem 0x000000005e171018-0x000000005e180057] usable
[0.000000] reserve setup_data: [mem 0x000000005e180058-0x000000005e181017] usable
[0.000000] reserve setup_data: [mem 0x000000005e181018-0x000000005e19ee57] usable
[0.000000] reserve setup_data: [mem 0x000000005e19ee58-0x0000000064840fff] usable
[0.000000] reserve setup_data: [mem 0x0000000064841000-0x0000000064841fff] reserved
[0.000000] reserve setup_data: [mem 0x0000000064842000-0x000000006589bfff] usable
[0.000000] reserve setup_data: [mem 0x000000006589c000-0x000000006589cfff] reserved
[0.000000] reserve setup_data: [mem 0x000000006589d000-0x00000000705aafff] usable
[0.000000] reserve setup_data: [mem 0x00000000705ab000-0x00000000742aafff] reserved
[0.000000] reserve setup_data: [mem 0x00000000742ab000-0x000000007451efff] ACPI data
[0.000000] reserve setup_data: [mem 0x000000007451f000-0x000000007471efff] ACPI NVS
[0.000000] reserve setup_data: [mem 0x000000007471f000-0x0000000075ffefff] reserved
[0.000000] reserve setup_data: [mem 0x0000000075fff000-0x0000000075ffffff] usable
[0.000000] reserve setup_data: [mem 0x0000000076000000-0x0000000079ffffff] reserved
[0.000000] reserve setup_data: [mem 0x000000007a400000-0x000000007a7fffff] reserved
[0.000000] reserve setup_data: [mem 0x000000007b000000-0x00000000807fffff] reserved
[0.000000] reserve setup_data: [mem 0x00000000c0000000-0x00000000cfffffff] reserved
[0.000000] reserve setup_data: [mem 0x00000000fe000000-0x00000000fe010fff] reserved
[0.000000] reserve setup_data: [mem 0x00000000fec00000-0x00000000fec00fff] reserved
[0.000000] reserve setup_data: [mem 0x00000000fed00000-0x00000000fed00fff] reserved
[0.000000] reserve setup_data: [mem 0x00000000fed20000-0x00000000fed7ffff] reserved
[0.000000] reserve setup_data: [mem 0x00000000fee00000-0x00000000fee00fff] reserved
[0.000000] reserve setup_data: [mem 0x00000000ff000000-0x00000000ffffffff] reserved
[0.000000] reserve setup_data: [mem 0x0000000100000000-0x000000087f7fffff] usable
```

```text
[    0.000000] efi: EFI v2.80 by American Megatrends
```
使用了 EFI 引导方式，版本 2.80，由 American Megatrends 公司提供

```text
[    0.000000] efi: ACPI=0x7451e000 ACPI 2.0=0x7451e014 TPMFinalLog=0x7464c000 
               SMBIOS=0x75d1d000 SMBIOS 3.0=0x75d1c000 MEMATTR=0x6db3b418 ESRT=0x6dcd4918 
               RNG=0x74479f18 INITRD=0x600ec698 TPMEventLog=0x5e19f018 
```
有关 EFI 固件所提供的各种表格和信息的地址。如 ACPI=0x7451e000 表示 ACPI 表的基地址是 0x7451e000，SMBIOS=0x75d1d000 表示 SMBIOS 表的基地址是 0x75d1d000。这些表格包含了硬件、电源管理和系统事件的重要信息，操作系统会用这些信息来了解和管理硬件

```text
[    0.000000] random: crng init done
```
系统的加密随机数生成器（Cryptographically Secure Pseudo-Random Number Generator，crng）已完成初始化。

```text
[    0.000000] SMBIOS 3.4.0 present.
```
系统的 SMBIOS（System Management BIOS，系统管理 BIOS）版本为 3.4.0。

```text
[    0.000000] DMI: ASUS System Product Name/ROG STRIX B660-I GAMING WIFI, 
                    BIOS 2212 12/13/2022
```
提供了系统的 DMI（Desktop Management Interface，桌面管理接口）信息，包括制造商（ASUS）、产品名（System Product Name）、主板型号（ROG STRIX B660-I GAMING WIFI）以及 BIOS 的版本（2212）和发布日期（2022 年 12 月 13 日）

```text
[    0.000000] tsc: Detected 3500.000 MHz processor
[    0.000000] tsc: Detected 3494.400 MHz TSC
```
TSC（Time Stamp Counter，时间戳计数器）检测到处理器的频率。

```text
[    0.000129] e820: update [mem 0x00000000-0x00000fff] usable ==> reserved
[    0.000130] e820: remove [mem 0x000a0000-0x000fffff] usable
[    0.000136] last_pfn = 0x87f800 max_arch_pfn = 0x400000000
[    0.000247] x86/PAT: Configuration [0-7]: WB  WC  UC- UC  WB  WP  UC- WT  
[    0.000802] e820: update [mem 0x7c000000-0xffffffff] usable ==> reserved
[    0.000806] last_pfn = 0x76000 max_arch_pfn = 0x400000000
```
关于系统内存配置的更新。内存地址从 0x00000000 到 0x00000fff 的状态从可用（usable）更改为保留（reserved）

```text
[    0.004873] esrt: Reserving ESRT space from 0x000000006dcd4918 to 0x000000006dcd49f0.
```
ESRT（EFI System Resource Table，EFI 系统资源表）空间已被保留。

```text
[    0.004876] e820: update [mem 0x6dcd4000-0x6dcd4fff] usable ==> reserved
```

```text
[    0.004888] Using GB pages for direct mapping
```
系统采用了 GB 级别的页面来进行直接映射。

```text
[0.004889] Incomplete global flushes, disabling PCID
[0.005132] Secure boot disabled
```
系统的安全启动（Secure Boot）功能已被禁用。

```text
[0.005133] RAMDISK: [mem 0x58d0e000-0x5b486fff]
```
创建了一个 RAM 磁盘（RAMDISK），也就是一部分 RAM 被模拟成硬盘使用，这部分 RAM 的地址范围是 0x58d0e000-0x5b486fff。

```text
[0.005136] ACPI: Early table checksum verification disabled
```
系统禁用了早期 ACPI 表校验和验证

```text
[0.005137] ACPI: RSDP 0x000000007451E014 000024 (v02 ALASKA)
[0.005140] ACPI: XSDT 0x000000007451D728 000114 (v01 ALASKA A M I    01072009 AMI  01000013)
[0.005144] ACPI: FACP 0x000000007451B000 000114 (v06 ALASKA A M I    01072009 AMI  01000013)
[0.005147] ACPI: DSDT 0x000000007448F000 08BFEC (v02 ALASKA A M I    01072009 INTL 20200717)
[0.005149] ACPI: FACS 0x000000007471E000 000040
[0.005151] ACPI: MCFG 0x000000007451C000 00003C (v01 ALASKA A M I    01072009 MSFT 00000097)
[0.005152] ACPI: FIDT 0x000000007448E000 00009C (v01 ALASKA A M I    01072009 AMI  00010013)
[0.005154] ACPI: SSDT 0x000000007448C000 00038C (v02 PmaxDv Pmax_Dev 00000001 INTL 20200717)
[0.005156] ACPI: SSDT 0x0000000074486000 005D34 (v02 CpuRef CpuSsdt  00003000 INTL 20200717)
[0.005157] ACPI: SSDT 0x0000000074483000 002935 (v02 SaSsdt SaSsdt   00003000 INTL 20200717)
[0.005159] ACPI: SSDT 0x000000007447F000 003339 (v02 INTEL  IgfxSsdt 00003000 INTL 20200717)
[0.005161] ACPI: HPET 0x000000007447E000 000038 (v01 ALASKA A M I    01072009 AMI  01000013)
[0.005162] ACPI: APIC 0x000000007447D000 0001DC (v05 ALASKA A M I    01072009 AMI  01000013)
[0.005164] ACPI: MCFG 0x000000007447C000 00003C (v01 ALASKA A M I    01072009 AMI  01000013)
[0.005165] ACPI: SSDT 0x000000007447A000 001F1A (v02 ALASKA Ther_Rvp 00001000 INTL 20200717)
[0.005167] ACPI: NHLT 0x0000000074478000 00002D (v00 ALASKA A M I    01072009 AMI  01000013)
[0.005168] ACPI: LPIT 0x0000000074477000 0000CC (v01 ALASKA A M I    01072009 AMI  01000013)
[0.005170] ACPI: SSDT 0x0000000074473000 002357 (v02 ALASKA TbtTypeC 00000000 INTL 20200717)
[0.005172] ACPI: SSDT 0x0000000074470000 002A83 (v02 ALASKA PtidDevc 00001000 INTL 20200717)
[0.005173] ACPI: DBGP 0x000000007446F000 000034 (v01 ALASKA A M I    01072009 AMI  01000013)
[0.005175] ACPI: DBG2 0x000000007446E000 000054 (v00 ALASKA A M I    01072009 AMI  01000013)
[0.005176] ACPI: SSDT 0x000000007446D000 000C1F (v02 ALASKA UsbCTabl 00001000 INTL 20200717)
[0.005178] ACPI: DMAR 0x000000007446C000 000050 (v02 INTEL  EDK2     00000002      01000013)
[0.005179] ACPI: FPDT 0x000000007446B000 000044 (v01 ALASKA A M I    01072009 AMI  01000013)
[0.005181] ACPI: SSDT 0x0000000074469000 001DA0 (v02 INTEL  xh_adls3 00000000 INTL 20200717)
[0.005183] ACPI: SSDT 0x0000000074465000 003AEA (v02 SocGpe SocGpe   00003000 INTL 20200717)
[0.005184] ACPI: SSDT 0x0000000074461000 0039DA (v02 SocCmn SocCmn   00003000 INTL 20200717)
[0.005186] ACPI: SSDT 0x0000000074460000 000144 (v02 Intel  ADebTabl 00001000 INTL 20200717)
[0.005187] ACPI: VFCT 0x0000000074455000 00AC84 (v01 ALASKA A M I    00000001 AMD  31504F47)
[0.005189] ACPI: BGRT 0x0000000074454000 000038 (v01 ALASKA A M I    01072009 AMI  00010013)
[0.005191] ACPI: WPBT 0x000000007432B000 000040 (v01 ALASKA A M I    00000001 ASUS 00000001)
[0.005192] ACPI: TPM2 0x000000007432A000 00004C (v04 ALASKA A M I    00000001 AMI  00000000)
[0.005194] ACPI: PHAT 0x0000000074329000 0005F1 (v01 ALASKA A M I    00000005 MSFT 0100000D)
[0.005196] ACPI: WSMT 0x0000000074476000 000028 (v01 ALASKA A M I    01072009 AMI  00010013)
```
每一个 ACPI: 后的大写字母组合代表了一种特定的 ACPI 表，例如 RSDP、XSDT、FACP、DSDT 等，这些都是 ACPI 规范中定义的不同类型的表。每种表包含了特定的系统配置信息，例如硬件设备的信息、电源管理策略等。

每个表都有一个内存地址，如 0x000000007451E014，后面的一串数字（如 000024）是表的大小，v02 代表版本，然后是表的供应商，供应商版本和日期。

在这些日志中，您可以看到很多 SSDT 表，这是系统描述表（Secondary System Descriptor Table，SSDT），用于存放 ACPI 设备的定义。

```text
[0.005197] ACPI: Reserving FACP table memory at [mem 0x7451b000-0x7451b113]
[0.005198] ACPI: Reserving DSDT table memory at [mem 0x7448f000-0x7451afeb]
[0.005198] ACPI: Reserving FACS table memory at [mem 0x7471e000-0x7471e03f]
[0.005199] ACPI: Reserving MCFG table memory at [mem 0x7451c000-0x7451c03b]
[0.005199] ACPI: Reserving FIDT table memory at [mem 0x7448e000-0x7448e09b]
[0.005200] ACPI: Reserving SSDT table memory at [mem 0x7448c000-0x7448c38b]
[0.005200] ACPI: Reserving SSDT table memory at [mem 0x74486000-0x7448bd33]
[0.005200] ACPI: Reserving SSDT table memory at [mem 0x74483000-0x74485934]
[0.005201] ACPI: Reserving SSDT table memory at [mem 0x7447f000-0x74482338]
[0.005201] ACPI: Reserving HPET table memory at [mem 0x7447e000-0x7447e037]
[0.005202] ACPI: Reserving APIC table memory at [mem 0x7447d000-0x7447d1db]
[0.005202] ACPI: Reserving MCFG table memory at [mem 0x7447c000-0x7447c03b]
[0.005203] ACPI: Reserving SSDT table memory at [mem 0x7447a000-0x7447bf19]
[0.005203] ACPI: Reserving NHLT table memory at [mem 0x74478000-0x7447802c]
[0.005204] ACPI: Reserving LPIT table memory at [mem 0x74477000-0x744770cb]
[0.005204] ACPI: Reserving SSDT table memory at [mem 0x74473000-0x74475356]
[0.005204] ACPI: Reserving SSDT table memory at [mem 0x74470000-0x74472a82]
[0.005205] ACPI: Reserving DBGP table memory at [mem 0x7446f000-0x7446f033]
[0.005205] ACPI: Reserving DBG2 table memory at [mem 0x7446e000-0x7446e053]
[0.005206] ACPI: Reserving SSDT table memory at [mem 0x7446d000-0x7446dc1e]
[0.005206] ACPI: Reserving DMAR table memory at [mem 0x7446c000-0x7446c04f]
[0.005207] ACPI: Reserving FPDT table memory at [mem 0x7446b000-0x7446b043]
[0.005207] ACPI: Reserving SSDT table memory at [mem 0x74469000-0x7446ad9f]
[0.005208] ACPI: Reserving SSDT table memory at [mem 0x74465000-0x74468ae9]
[0.005208] ACPI: Reserving SSDT table memory at [mem 0x74461000-0x744649d9]
[0.005209] ACPI: Reserving SSDT table memory at [mem 0x74460000-0x74460143]
[0.005209] ACPI: Reserving VFCT table memory at [mem 0x74455000-0x7445fc83]
[0.005209] ACPI: Reserving BGRT table memory at [mem 0x74454000-0x74454037]
[0.005210] ACPI: Reserving WPBT table memory at [mem 0x7432b000-0x7432b03f]
[0.005210] ACPI: Reserving TPM2 table memory at [mem 0x7432a000-0x7432a04b]
[0.005211] ACPI: Reserving PHAT table memory at [mem 0x74329000-0x743295f0]
[0.005211] ACPI: Reserving WSMT table memory at [mem 0x74476000-0x74476027]
```
为 ACPI（高级配置和电源接口）的各种表预留内存的信息。每个 "Reserving" 后面的表名就是 ACPI 的表名，"at [mem xxx-xxx]" 部分则指示了该表在物理内存中的位置。

例如，ACPI: Reserving FACP table memory at [mem 0x7451b000-0x7451b113] 这行表示系统为 FACP（固定 ACPI 描述表，用于电源管理）预留了位于物理内存 0x7451b000-0x7451b113 的空间。

```text
[0.005374] No NUMA configuration found
```
系统没有找到 NUMA（Non-Uniform Memory Access）配置。NUMA 是一种用于多处理器系统的内存设计，使得每个处理器都有自己的本地内存。

```text
[0.005374] Faking a node at [mem 0x0000000000000000-0x000000087f7fffff]
```
系统正在模拟一个内存节点，其地址范围从 0x0000000000000000 到 0x000000087f7fffff。

```text
[0.005376] NODE_DATA(0) allocated [mem 0x87f7fa000-0x87f7fffff]
```
系统为节点 0 分配了一块内存用于存放节点的数据。

```text
[0.005401] Zone ranges:
[0.005402]   DMA      [mem 0x0000000000001000-0x0000000000ffffff]
[0.005402]   DMA32    [mem 0x0000000001000000-0x00000000ffffffff]
[0.005403]   Normal   [mem 0x0000000100000000-0x000000087f7fffff]
[0.005404]   Device   empty
[0.005404] Movable zone start for each node
```
系统中不同内存区域的范围。这些区域包括 DMA、DMA32、Normal 和 Device。例如，Normal 区域的范围是 [mem 0x0000000100000000-0x000000087f7fffff]。

```text
[0.005405] Early memory node ranges
[0.005405]   node   0: [mem 0x0000000000001000-0x000000000009dfff]
[0.005406]   node   0: [mem 0x000000000009f000-0x000000000009ffff]
[0.005406]   node   0: [mem 0x0000000000100000-0x0000000064840fff]
[0.005407]   node   0: [mem 0x0000000064842000-0x000000006589bfff]
[0.005407]   node   0: [mem 0x000000006589d000-0x00000000705aafff]
[0.005407]   node   0: [mem 0x0000000075fff000-0x0000000075ffffff]
[0.005408]   node   0: [mem 0x0000000100000000-0x000000087f7fffff]
```
系统早期阶段，节点 0 的内存范围。例如，其中一个范围是 [mem 0x0000000000100000-0x0000000064840fff]。

```text
[0.005409] Initmem setup node 0 [mem 0x0000000000001000-0x000000087f7fffff]
[0.005412] On node 0, zone DMA: 1 pages in unavailable ranges
[0.005412] On node 0, zone DMA: 1 pages in unavailable ranges
[0.005425] On node 0, zone DMA: 96 pages in unavailable ranges
[0.006790] On node 0, zone DMA32: 1 pages in unavailable ranges
[0.006975] On node 0, zone DMA32: 1 pages in unavailable ranges
[0.007110] On node 0, zone DMA32: 23124 pages in unavailable ranges
[0.039102] On node 0, zone Normal: 8192 pages in unavailable ranges
[0.039115] On node 0, zone Normal: 2048 pages in unavailable ranges
```
在节点 0 的特定区域（xxx）中，有 yyy 页内存是无法使用的。
